alligator
amphibian
ant
antelope
arachnid
avian
badger
bat
bear
bird
bovine
buck
bug
bullfrog
camel
camelid
canine
cat
centaur
cervine
chocobo
clawed_human
clawed_quadruped
cow
coyote
crab
cricket
crustacean
deer
doe
dog
donkey
dragon
drake
elephant
elephantidae
elk
emu
equine
faerie
feline
ferret
fish
flippered_quadruped
footed_quadruped
frog
gazelle
gnoll
goat
hippogriff
hooved_human
hooved_quadruped
horned_hooved_quadruped
horse
human
humanoid
insect
insectoid
kangaroo
kobold
large_bird
largeavian
largebird
leporine
lizard
lizardfolk
lizardman
llama
lupine
mammal
mammoth
marmoset
monkey
moose
mule
musteline
naga
ostridge
otter
owl
owlbear
pachyderm
parrot
pawed_quadruped
penguin
pig
plant
pony
porcupine
rabbit
reindeer
reptile
rodent
satyr
scorpion
seal
serpant
sheep
skunk
snake
spider
squid
squirrel
stag
swine
tailed_footed_quadruped
tailed_human
tailed_pawed_quadruped
tree
turtle
tusked_elephantidae
unicorn
ursine
winged_human
winged_insectoid
winged_quadruped
wolf
wolverine
worm
wyvern
yak